#-----------------------------------------------------------
# Vivado v2021.1 (64-bit)
# SW Build 3247384 on Thu Jun 10 19:36:33 MDT 2021
# IP Build 3246043 on Fri Jun 11 00:30:35 MDT 2021
# Start of session at: Thu Apr 18 20:10:11 2024
# Process ID: 29928
# Current directory: C:/Users/Winte/OneDrive/Documents/College Textbooks and Materials/2024 Senior Spring/Embedded/Labs/Lab5v2/Lab5v2.runs/uproc_top_level_framebuffer_0_0_synth_1
# Command line: vivado.exe -log uproc_top_level_framebuffer_0_0.vds -product Vivado -mode batch -messageDb vivado.pb -notrace -source uproc_top_level_framebuffer_0_0.tcl
# Log file: C:/Users/Winte/OneDrive/Documents/College Textbooks and Materials/2024 Senior Spring/Embedded/Labs/Lab5v2/Lab5v2.runs/uproc_top_level_framebuffer_0_0_synth_1/uproc_top_level_framebuffer_0_0.vds
# Journal file: C:/Users/Winte/OneDrive/Documents/College Textbooks and Materials/2024 Senior Spring/Embedded/Labs/Lab5v2/Lab5v2.runs/uproc_top_level_framebuffer_0_0_synth_1\vivado.jou
#-----------------------------------------------------------
source uproc_top_level_framebuffer_0_0.tcl -notrace
